robot en COM5: {"pong":1}
siguiendo panel:cuerpo cada 300 ms. Ctrl+C para salir.
15:34:16  idle         → {'e': 'idle', 'g': '', 'c': 0}
15:35:33  escuchando   → {'e': 'atento', 'g': '', 'c': 0}
15:35:34  hablando     → {'e': 'hablando', 'g': '', 'c': 0}
15:35:37  escuchando   → {'e': 'atento', 'g': '', 'c': 0}
15:35:42  pensando     → {'e': 'confundido', 'g': '', 'c': 0}
15:35:43  hablando     → {'e': 'hablando', 'g': '', 'c': 0}
15:35:43  pensando     → {'e': 'confundido', 'g': '', 'c': 0}
15:35:46  anotando     → {'e': 'atento', 'g': 'asentir', 'c': 0}
15:36:06  hablando     → {'e': 'hablando', 'g': '', 'c': 0}
15:36:06  anotando     → {'e': 'atento', 'g': 'asentir', 'c': 0}
15:36:12  hablando     → {'e': 'hablando', 'g': '', 'c': 0}
15:36:14  pensando     → {'e': 'confundido', 'g': '', 'c': 0}
15:36:15  hablando     → {'e': 'hablando', 'g': '', 'c': 0}
15:36:16  escuchando   → {'e': 'atento', 'g': '', 'c': 0}
15:36:18  pensando     → {'e': 'confundido', 'g': '', 'c': 0}
15:36:19  hablando     → {'e': 'hablando', 'g': '', 'c': 0}
15:36:28  escuchando   → {'e': 'atento', 'g': '', 'c': 0}
15:36:29  pensando     → {'e': 'confundido', 'g': '', 'c': 0}
15:36:31  hablando     → {'e': 'hablando', 'g': '', 'c': 0}
15:36:31  pensando     → {'e': 'confundido', 'g': '', 'c': 0}
15:36:50  idle         → {'e': 'idle', 'g': '', 'c': 0}
15:36:51  escuchando   → {'e': 'atento', 'g': '', 'c': 0}
15:42:13  hablando     → {'e': 'hablando', 'g': '', 'c': 0}
15:42:15  idle         → {'e': 'idle', 'g': '', 'c': 0}
15:42:16  escuchando   → {'e': 'atento', 'g': '', 'c': 0}
15:42:29  hablando     → {'e': 'hablando', 'g': '', 'c': 0}
15:42:31  idle         → {'e': 'idle', 'g': '', 'c': 0}
15:42:32  escuchando   → {'e': 'atento', 'g': '', 'c': 0}
15:42:37  hablando     → {'e': 'hablando', 'g': '', 'c': 0}
15:42:41  escuchando   → {'e': 'atento', 'g': '', 'c': 0}
15:42:57  idle         → {'e': 'idle', 'g': '', 'c': 0}
15:44:54  escuchando   → {'e': 'atento', 'g': '', 'c': 0}
15:44:55  hablando     → {'e': 'hablando', 'g': '', 'c': 0}
15:44:58  escuchando   → {'e': 'atento', 'g': '', 'c': 0}
15:45:02  pensando     → {'e': 'confundido', 'g': '', 'c': 0}
15:45:02  hablando     → {'e': 'hablando', 'g': '', 'c': 0}
15:45:06  escuchando   → {'e': 'atento', 'g': '', 'c': 0}
15:45:15  pensando     → {'e': 'confundido', 'g': '', 'c': 0}
15:45:16  anotando     → {'e': 'atento', 'g': 'asentir', 'c': 0}
15:45:17  hablando     → {'e': 'hablando', 'g': '', 'c': 0}
15:45:27  escuchando   → {'e': 'atento', 'g': '', 'c': 0}
15:45:42  idle         → {'e': 'idle', 'g': '', 'c': 0}
15:46:00  escuchando   → {'e': 'atento', 'g': '', 'c': 0}
15:46:01  pensando     → {'e': 'confundido', 'g': '', 'c': 0}
15:46:05  escuchando   → {'e': 'atento', 'g': '', 'c': 0}
15:46:20  idle         → {'e': 'idle', 'g': '', 'c': 0}
